Archive member included to satisfy reference by file (symbol)

/home/palden/STM32Toolchain/gcc-arm/bin/../lib/gcc/arm-none-eabi/5.4.1/../../../../arm-none-eabi/lib/armv7e-m/libg_nano.a(lib_a-errno.o)
                              ./system/src/newlib/_sbrk.o (__errno)
/home/palden/STM32Toolchain/gcc-arm/bin/../lib/gcc/arm-none-eabi/5.4.1/../../../../arm-none-eabi/lib/armv7e-m/libg_nano.a(lib_a-impure.o)
                              /home/palden/STM32Toolchain/gcc-arm/bin/../lib/gcc/arm-none-eabi/5.4.1/../../../../arm-none-eabi/lib/armv7e-m/libg_nano.a(lib_a-errno.o) (_impure_ptr)
/home/palden/STM32Toolchain/gcc-arm/bin/../lib/gcc/arm-none-eabi/5.4.1/../../../../arm-none-eabi/lib/armv7e-m/libg_nano.a(lib_a-init.o)
                              ./system/src/cmsis/startup_stm32f303xe.o (__libc_init_array)
/home/palden/STM32Toolchain/gcc-arm/bin/../lib/gcc/arm-none-eabi/5.4.1/../../../../arm-none-eabi/lib/armv7e-m/libg_nano.a(lib_a-memset.o)
                              ./src/main.o (memset)
/home/palden/STM32Toolchain/gcc-arm/bin/../lib/gcc/arm-none-eabi/5.4.1/../../../../arm-none-eabi/lib/armv7e-m/libg_nano.a(lib_a-strlen.o)
                              ./system/src/diag/Trace.o (strlen)
/home/palden/STM32Toolchain/gcc-arm/bin/../lib/gcc/arm-none-eabi/5.4.1/../../../../arm-none-eabi/lib/armv7e-m/libg_nano.a(lib_a-vsnprintf.o)
                              ./system/src/diag/Trace.o (vsnprintf)
/home/palden/STM32Toolchain/gcc-arm/bin/../lib/gcc/arm-none-eabi/5.4.1/../../../../arm-none-eabi/lib/armv7e-m/libg_nano.a(lib_a-nano-svfprintf.o)
                              /home/palden/STM32Toolchain/gcc-arm/bin/../lib/gcc/arm-none-eabi/5.4.1/../../../../arm-none-eabi/lib/armv7e-m/libg_nano.a(lib_a-vsnprintf.o) (_svfprintf_r)
/home/palden/STM32Toolchain/gcc-arm/bin/../lib/gcc/arm-none-eabi/5.4.1/../../../../arm-none-eabi/lib/armv7e-m/libg_nano.a(lib_a-nano-vfprintf_i.o)
                              /home/palden/STM32Toolchain/gcc-arm/bin/../lib/gcc/arm-none-eabi/5.4.1/../../../../arm-none-eabi/lib/armv7e-m/libg_nano.a(lib_a-nano-svfprintf.o) (_printf_i)
/home/palden/STM32Toolchain/gcc-arm/bin/../lib/gcc/arm-none-eabi/5.4.1/../../../../arm-none-eabi/lib/armv7e-m/libg_nano.a(lib_a-memchr.o)
                              /home/palden/STM32Toolchain/gcc-arm/bin/../lib/gcc/arm-none-eabi/5.4.1/../../../../arm-none-eabi/lib/armv7e-m/libg_nano.a(lib_a-nano-svfprintf.o) (memchr)
/home/palden/STM32Toolchain/gcc-arm/bin/../lib/gcc/arm-none-eabi/5.4.1/../../../../arm-none-eabi/lib/armv7e-m/libg_nano.a(lib_a-memcpy-stub.o)
                              /home/palden/STM32Toolchain/gcc-arm/bin/../lib/gcc/arm-none-eabi/5.4.1/../../../../arm-none-eabi/lib/armv7e-m/libg_nano.a(lib_a-nano-svfprintf.o) (memcpy)
/home/palden/STM32Toolchain/gcc-arm/bin/../lib/gcc/arm-none-eabi/5.4.1/../../../../arm-none-eabi/lib/armv7e-m/libg_nano.a(lib_a-memmove.o)
                              /home/palden/STM32Toolchain/gcc-arm/bin/../lib/gcc/arm-none-eabi/5.4.1/../../../../arm-none-eabi/lib/armv7e-m/libg_nano.a(lib_a-nano-svfprintf.o) (memmove)
/home/palden/STM32Toolchain/gcc-arm/bin/../lib/gcc/arm-none-eabi/5.4.1/../../../../arm-none-eabi/lib/armv7e-m/libg_nano.a(lib_a-nano-freer.o)
                              /home/palden/STM32Toolchain/gcc-arm/bin/../lib/gcc/arm-none-eabi/5.4.1/../../../../arm-none-eabi/lib/armv7e-m/libg_nano.a(lib_a-nano-svfprintf.o) (_free_r)
/home/palden/STM32Toolchain/gcc-arm/bin/../lib/gcc/arm-none-eabi/5.4.1/../../../../arm-none-eabi/lib/armv7e-m/libg_nano.a(lib_a-nano-mallocr.o)
                              /home/palden/STM32Toolchain/gcc-arm/bin/../lib/gcc/arm-none-eabi/5.4.1/../../../../arm-none-eabi/lib/armv7e-m/libg_nano.a(lib_a-nano-svfprintf.o) (_malloc_r)
/home/palden/STM32Toolchain/gcc-arm/bin/../lib/gcc/arm-none-eabi/5.4.1/../../../../arm-none-eabi/lib/armv7e-m/libg_nano.a(lib_a-nano-reallocr.o)
                              /home/palden/STM32Toolchain/gcc-arm/bin/../lib/gcc/arm-none-eabi/5.4.1/../../../../arm-none-eabi/lib/armv7e-m/libg_nano.a(lib_a-nano-svfprintf.o) (_realloc_r)
/home/palden/STM32Toolchain/gcc-arm/bin/../lib/gcc/arm-none-eabi/5.4.1/../../../../arm-none-eabi/lib/armv7e-m/libg_nano.a(lib_a-sbrkr.o)
                              /home/palden/STM32Toolchain/gcc-arm/bin/../lib/gcc/arm-none-eabi/5.4.1/../../../../arm-none-eabi/lib/armv7e-m/libg_nano.a(lib_a-nano-mallocr.o) (_sbrk_r)
/home/palden/STM32Toolchain/gcc-arm/bin/../lib/gcc/arm-none-eabi/5.4.1/../../../../arm-none-eabi/lib/armv7e-m/libg_nano.a(lib_a-mlock.o)
                              /home/palden/STM32Toolchain/gcc-arm/bin/../lib/gcc/arm-none-eabi/5.4.1/../../../../arm-none-eabi/lib/armv7e-m/libg_nano.a(lib_a-nano-freer.o) (__malloc_lock)
/home/palden/STM32Toolchain/gcc-arm/bin/../lib/gcc/arm-none-eabi/5.4.1/../../../../arm-none-eabi/lib/armv7e-m/libg_nano.a(lib_a-nano-msizer.o)
[...]
Memory Configuration

Name             Origin             Length             Attributes
RAM              0x20000000         0x00010000         xrw
CCMRAM           0x10000000         0x00004000         xrw
FLASH            0x08000000         0x00080000         xr
FLASHB1          0x00000000         0x00000000         xr
EXTMEMB0         0x00000000         0x00000000         xr
EXTMEMB1         0x00000000         0x00000000         xr
EXTMEMB2         0x00000000         0x00000000         xr
EXTMEMB3         0x00000000         0x00000000         xr
MEMORY_ARRAY     0x20002000         0x00000000         xrw
*default*        0x00000000         0xffffffff

Linker script and memory map

LOAD ./system/src/newlib/_cxx.o
LOAD ./system/src/newlib/_exit.o
LOAD ./system/src/newlib/_sbrk.o
LOAD ./system/src/newlib/_startup.o
LOAD ./system/src/newlib/_syscalls.o
LOAD ./system/src/newlib/assert.o
LOAD ./system/src/diag/Trace.o
LOAD ./system/src/diag/trace_impl.o
LOAD ./system/src/cortexm/_initialize_hardware.o
LOAD ./system/src/cortexm/_reset_hardware.o
LOAD ./system/src/cortexm/exception_handlers.o
LOAD ./system/src/cmsis/startup_stm32f303xe.o
LOAD ./system/src/STM32-F3xx-stdperipheral/stm32f3xx_hal.o
LOAD ./system/src/STM32-F3xx-stdperipheral/stm32f3xx_hal_cortex.o
LOAD ./system/src/STM32-F3xx-stdperipheral/stm32f3xx_hal_dma.o
LOAD ./system/src/STM32-F3xx-stdperipheral/stm32f3xx_hal_flash.o
LOAD ./system/src/STM32-F3xx-stdperipheral/stm32f3xx_hal_flash_ex.o
LOAD ./system/src/STM32-F3xx-stdperipheral/stm32f3xx_hal_gpio.o
LOAD ./system/src/STM32-F3xx-stdperipheral/stm32f3xx_hal_i2c.o
LOAD ./system/src/STM32-F3xx-stdperipheral/stm32f3xx_hal_i2c_ex.o
LOAD ./system/src/STM32-F3xx-stdperipheral/stm32f3xx_hal_pwr.o
LOAD ./system/src/STM32-F3xx-stdperipheral/stm32f3xx_hal_pwr_ex.o
LOAD ./system/src/STM32-F3xx-stdperipheral/stm32f3xx_hal_rcc.o
LOAD ./system/src/STM32-F3xx-stdperipheral/stm32f3xx_hal_rcc_ex.o
LOAD ./system/src/STM32-F3xx-stdperipheral/stm32f3xx_hal_tim.o
LOAD ./system/src/STM32-F3xx-stdperipheral/stm32f3xx_hal_tim_ex.o
LOAD ./src/_write.o
LOAD ./src/ledblink.o
LOAD ./src/main.o
LOAD ./src/stm32f3xx_hal_msp.o
LOAD ./src/stm32f3xx_it.o
LOAD ./src/system_stm32f3xx.o
LOAD /home/palden/STM32Toolchain/gcc-arm/bin/../lib/gcc/arm-none-eabi/5.4.1/../../../../arm-none-eabi/lib/armv7e-m/libstdc++_nano.a
LOAD /home/palden/STM32Toolchain/gcc-arm/bin/../lib/gcc/arm-none-eabi/5.4.1/../../../../arm-none-eabi/lib/armv7e-m/libm.a
START GROUP
LOAD /home/palden/STM32Toolchain/gcc-arm/bin/../lib/gcc/arm-none-eabi/5.4.1/armv7e-m/libgcc.a
LOAD /home/palden/STM32Toolchain/gcc-arm/bin/../lib/gcc/arm-none-eabi/5.4.1/../../../../arm-none-eabi/lib/armv7e-m/libg_nano.a
LOAD /home/palden/STM32Toolchain/gcc-arm/bin/../lib/gcc/arm-none-eabi/5.4.1/../../../../arm-none-eabi/lib/armv7e-m/libc_nano.a
END GROUP
START GROUP
LOAD /home/palden/STM32Toolchain/gcc-arm/bin/../lib/gcc/arm-none-eabi/5.4.1/armv7e-m/libgcc.a
LOAD /home/palden/STM32Toolchain/gcc-arm/bin/../lib/gcc/arm-none-eabi/5.4.1/../../../../arm-none-eabi/lib/armv7e-m/libc_nano.a
END GROUP
                0x20010000                __stack = (ORIGIN (RAM) + LENGTH (RAM))
                0x20010000                _estack = __stack
                0x00000400                __Main_Stack_Size = 0x400
                [!provide]                PROVIDE (_Main_Stack_Size, __Main_Stack_Size)
                0x2000fc00                __Main_Stack_Limit = (__stack - __Main_Stack_Size)
                [!provide]                PROVIDE (_Main_Stack_Limit, __Main_Stack_Limit)
                0x00000100                _Minimum_Stack_Size = 0x100
                0x20000120                PROVIDE (_Heap_Begin, _end_noinit)
                0x2000fc00                PROVIDE (_Heap_Limit, (__stack - __Main_Stack_Size))

.isr_vector     0x08000000      0x3f4
 FILL mask 0xff
                0x08000000                __vectors_start = ABSOLUTE (.)
                0x08000000                __vectors_start__ = ABSOLUTE (.)
 *(.isr_vector)
 .isr_vector    0x08000000      0x194 ./system/src/cmsis/startup_stm32f303xe.o
                0x08000000                g_pfnVectors
 *(.cfmconfig)
 *(.after_vectors .after_vectors.*)
 .after_vectors
                0x08000194      0x130 ./system/src/newlib/_startup.o
                0x08000194                _start
 .after_vectors
                0x080002c4      0x130 ./system/src/cortexm/exception_handlers.o
                0x080002c4                Reset_Handler
                0x080002e4                HardFault_Handler_C
                0x0800035c                BusFault_Handler_C
                0x080003a4                UsageFault_Handler_C

.inits          0x080003f4       0x28
                0x080003f4                __data_regions_array_start = .
                0x080003f4        0x4 LONG 0x800234c LOADADDR (.data)
                0x080003f8        0x4 LONG 0x20000000 ADDR (.data)
                0x080003fc        0x4 LONG 0x20000080 (ADDR (.data) + SIZEOF (.data))
                0x08000400        0x4 LONG 0x800234c LOADADDR (.data_CCMRAM)
                0x08000404        0x4 LONG 0x10000000 ADDR (.data_CCMRAM)
                0x08000408        0x4 LONG 0x10000000 (ADDR (.data_CCMRAM) + SIZEOF (.data_CCMRAM))
                0x0800040c                __data_regions_array_end = .
                0x0800040c                __bss_regions_array_start = .
                0x0800040c        0x4 LONG 0x20000080 ADDR (.bss)
                0x08000410        0x4 LONG 0x20000120 (ADDR (.bss) + SIZEOF (.bss))
                0x08000414        0x4 LONG 0x10000000 ADDR (.bss_CCMRAM)
                0x08000418        0x4 LONG 0x10000000 (ADDR (.bss_CCMRAM) + SIZEOF (.bss_CCMRAM))
                0x0800041c                __bss_regions_array_end = .
 *(.init)
 *(.fini)
                0x0800041c                . = ALIGN (0x4)
                0x0800041c                PROVIDE (__preinit_array_start, .)
 *(.preinit_array_sysinit .preinit_array_sysinit.*)
 *(.preinit_array_platform .preinit_array_platform.*)
 *(.preinit_array .preinit_array.*)
                0x0800041c                PROVIDE (__preinit_array_end, .)
                0x0800041c                . = ALIGN (0x4)
                0x0800041c                PROVIDE (__init_array_start, .)
 *(SORT(.init_array.*))
 *(.init_array)
                0x0800041c                PROVIDE (__init_array_end, .)
                0x0800041c                . = ALIGN (0x4)
                0x0800041c                PROVIDE (__fini_array_start, .)
 *(SORT(.fini_array.*))
 *(.fini_array)
                0x0800041c                PROVIDE (__fini_array_end, .)

.flashtext
 *(.flashtext .flashtext.*)

.text           0x08000420     0x1f2b
 *(.text .text.*)
 .text._exit    0x08000420        0x4 ./system/src/newlib/_exit.o
                0x08000420                _exit
 .text._sbrk    0x08000424       0x44 ./system/src/newlib/_sbrk.o
                0x08000424                _sbrk
 .text.__initialize_args
                0x08000468       0x10 ./system/src/newlib/_syscalls.o
                0x08000468                __initialize_args
 .text.trace_printf
                0x08000478       0x30 ./system/src/diag/Trace.o
                0x08000478                trace_printf
 .text._trace_write_semihosting_debug
                0x080004a8       0x64 ./system/src/diag/trace_impl.o
 .text.trace_write
                0x0800050c        0x8 ./system/src/diag/trace_impl.o
                0x0800050c                trace_write
 .text.__initialize_hardware_early
                0x08000514       0x18 ./system/src/cortexm/_initialize_hardware.o
                0x08000514                __initialize_hardware_early
 .text.__initialize_hardware
                0x0800052c        0x8 ./system/src/cortexm/_initialize_hardware.o
                0x0800052c                __initialize_hardware
 .text.dumpExceptionStack
                0x08000534       0xf0 ./system/src/cortexm/exception_handlers.o
                0x08000534                dumpExceptionStack
 .text.isSemihosting
                0x08000624       0x20 ./system/src/cortexm/exception_handlers.o
                0x08000624                isSemihosting
 .text.Default_Handler
                0x08000644        0x2 ./system/src/cmsis/startup_stm32f303xe.o
                0x08000644                RTC_Alarm_IRQHandler
                0x08000644                TIM8_TRG_COM_IRQHandler
                0x08000644                TIM8_CC_IRQHandler
                0x08000644                SPI4_IRQHandler
                0x08000644                TIM1_CC_IRQHandler
                0x08000644                USB_HP_IRQHandler
                0x08000644                PVD_IRQHandler
                0x08000644                TAMP_STAMP_IRQHandler
                0x08000644                EXTI3_IRQHandler
                0x08000644                I2C3_ER_IRQHandler
                0x08000644                USB_HP_CAN_TX_IRQHandler
                0x08000644                EXTI0_IRQHandler
                0x08000644                I2C2_EV_IRQHandler
                0x08000644                FPU_IRQHandler
                0x08000644                TIM1_UP_TIM16_IRQHandler
                0x08000644                ADC1_2_IRQHandler
                0x08000644                SPI1_IRQHandler
                0x08000644                CAN_SCE_IRQHandler
                0x08000644                TIM6_DAC_IRQHandler
                0x08000644                TIM8_UP_IRQHandler
                0x08000644                DMA2_Channel2_IRQHandler
                0x08000644                DMA1_Channel4_IRQHandler
                0x08000644                TIM20_TRG_COM_IRQHandler
                0x08000644                USART3_IRQHandler
                0x08000644                DMA1_Channel7_IRQHandler
                0x08000644                UART5_IRQHandler
                0x08000644                ADC3_IRQHandler
                0x08000644                TIM4_IRQHandler
                0x08000644                CAN_RX1_IRQHandler
                0x08000644                DMA2_Channel1_IRQHandler
                0x08000644                I2C1_EV_IRQHandler
                0x08000644                DMA1_Channel6_IRQHandler
                0x08000644                UART4_IRQHandler
                0x08000644                DMA2_Channel4_IRQHandler
                0x08000644                TIM3_IRQHandler
                0x08000644                RCC_IRQHandler
                0x08000644                TIM20_UP_IRQHandler
                0x08000644                DMA1_Channel1_IRQHandler
                0x08000644                Default_Handler
                0x08000644                USBWakeUp_RMP_IRQHandler
                0x08000644                EXTI15_10_IRQHandler
                0x08000644                TIM7_IRQHandler
                0x08000644                I2C3_EV_IRQHandler
                0x08000644                EXTI9_5_IRQHandler
                0x08000644                RTC_WKUP_IRQHandler
                0x08000644                SPI2_IRQHandler
                0x08000644                USB_LP_CAN_RX0_IRQHandler
                0x08000644                DMA2_Channel5_IRQHandler
                0x08000644                DMA1_Channel5_IRQHandler
                0x08000644                USB_LP_IRQHandler
                0x08000644                EXTI4_IRQHandler
                0x08000644                TIM1_TRG_COM_TIM17_IRQHandler
                0x08000644                DMA1_Channel3_IRQHandler
                0x08000644                ADC4_IRQHandler
                0x08000644                WWDG_IRQHandler
                0x08000644                TIM2_IRQHandler
                0x08000644                COMP7_IRQHandler
                0x08000644                COMP1_2_3_IRQHandler
                0x08000644                EXTI1_IRQHandler
                0x08000644                USART2_IRQHandler
                0x08000644                COMP4_5_6_IRQHandler
                0x08000644                TIM20_BRK_IRQHandler
                0x08000644                I2C2_ER_IRQHandler
                0x08000644                DMA1_Channel2_IRQHandler
                0x08000644                TIM8_BRK_IRQHandler
                0x08000644                FLASH_IRQHandler
                0x08000644                TIM20_CC_IRQHandler
                0x08000644                USART1_IRQHandler
                0x08000644                SPI3_IRQHandler
                0x08000644                I2C1_ER_IRQHandler
                0x08000644                FMC_IRQHandler
                0x08000644                USBWakeUp_IRQHandler
                0x08000644                DMA2_Channel3_IRQHandler
                0x08000644                EXTI2_TSC_IRQHandler
                0x08000644                TIM1_BRK_TIM15_IRQHandler
 *fill*         0x08000646        0x2 
 .text.HAL_InitTick
                0x08000648       0x4c ./system/src/STM32-F3xx-stdperipheral/stm32f3xx_hal.o
                0x08000648                HAL_InitTick
 .text.HAL_Init
                0x08000694       0x24 ./system/src/STM32-F3xx-stdperipheral/stm32f3xx_hal.o
                0x08000694                HAL_Init
 .text.HAL_IncTick
                0x080006b8       0x18 ./system/src/STM32-F3xx-stdperipheral/stm32f3xx_hal.o
                0x080006b8                HAL_IncTick
 .text.HAL_GetTick
                0x080006d0        0xc ./system/src/STM32-F3xx-stdperipheral/stm32f3xx_hal.o
                0x080006d0                HAL_GetTick
 .text.HAL_NVIC_SetPriorityGrouping
                0x080006dc       0x3c ./system/src/STM32-F3xx-stdperipheral/stm32f3xx_hal_cortex.o
                0x080006dc                HAL_NVIC_SetPriorityGrouping
 .text.HAL_NVIC_SetPriority
                0x08000718       0x84 ./system/src/STM32-F3xx-stdperipheral/stm32f3xx_hal_cortex.o
                0x08000718                HAL_NVIC_SetPriority
 .text.HAL_SYSTICK_Config
                0x0800079c       0x2c ./system/src/STM32-F3xx-stdperipheral/stm32f3xx_hal_cortex.o
                0x0800079c                HAL_SYSTICK_Config
 .text.HAL_GPIO_Init
                0x080007c8      0x2e8 ./system/src/STM32-F3xx-stdperipheral/stm32f3xx_hal_gpio.o
                0x080007c8                HAL_GPIO_Init
 .text.HAL_GPIO_ReadPin
                0x08000ab0       0x24 ./system/src/STM32-F3xx-stdperipheral/stm32f3xx_hal_gpio.o
                0x08000ab0                HAL_GPIO_ReadPin
 .text.HAL_GPIO_WritePin
                0x08000ad4       0x30 ./system/src/STM32-F3xx-stdperipheral/stm32f3xx_hal_gpio.o
                0x08000ad4                HAL_GPIO_WritePin
 .text.HAL_RCC_OscConfig
                0x08000b04      0x74c ./system/src/STM32-F3xx-stdperipheral/stm32f3xx_hal_rcc.o
                0x08000b04                HAL_RCC_OscConfig
 .text.HAL_RCC_GetSysClockFreq
                0x08001250       0x70 ./system/src/STM32-F3xx-stdperipheral/stm32f3xx_hal_rcc.o
                0x08001250                HAL_RCC_GetSysClockFreq
 .text.HAL_RCC_ClockConfig
                0x080012c0      0x258 ./system/src/STM32-F3xx-stdperipheral/stm32f3xx_hal_rcc.o
                0x080012c0                HAL_RCC_ClockConfig
 .text.led_control
                0x08001518       0x30 ./src/ledblink.o
                0x08001518                led_control
 .text.MX_GPIO_Init
                0x08001548       0xb4 ./src/main.o
 .text.SystemClock_Config
                0x080015fc       0x58 ./src/main.o
                0x080015fc                SystemClock_Config
 .text.main     0x08001654       0x14 ./src/main.o
                0x08001654                main
 .text.assert_failed
                0x08001668        0x4 ./src/main.o
                0x08001668                assert_failed
 .text.HAL_MspInit
                0x0800166c       0x3c ./src/stm32f3xx_hal_msp.o
                0x0800166c                HAL_MspInit
 .text.NMI_Handler
                0x080016a8        0x4 ./src/stm32f3xx_it.o
                0x080016a8                NMI_Handler
 .text.HardFault_Handler
                0x080016ac        0x4 ./src/stm32f3xx_it.o
                0x080016ac                HardFault_Handler
 .text.MemManage_Handler
                0x080016b0        0x4 ./src/stm32f3xx_it.o
                0x080016b0                MemManage_Handler
 .text.BusFault_Handler
                0x080016b4        0x4 ./src/stm32f3xx_it.o
                0x080016b4                BusFault_Handler
 .text.UsageFault_Handler
                0x080016b8        0x4 ./src/stm32f3xx_it.o
                0x080016b8                UsageFault_Handler
 .text.SVC_Handler
                0x080016bc        0x4 ./src/stm32f3xx_it.o
                0x080016bc                SVC_Handler
 .text.DebugMon_Handler
                0x080016c0        0x4 ./src/stm32f3xx_it.o
                0x080016c0                DebugMon_Handler
 .text.PendSV_Handler
                0x080016c4        0x4 ./src/stm32f3xx_it.o
                0x080016c4                PendSV_Handler
 .text.SysTick_Handler
                0x080016c8        0x8 ./src/stm32f3xx_it.o
                0x080016c8                SysTick_Handler
 .text.SystemInit
                0x080016d0       0x5c ./src/system_stm32f3xx.o
                0x080016d0                SystemInit
 .text.SystemCoreClockUpdate
                0x0800172c       0x8c ./src/system_stm32f3xx.o
                0x0800172c                SystemCoreClockUpdate
 .text.__errno  0x080017b8        0xc /home/palden/STM32Toolchain/gcc-arm/bin/../lib/gcc/arm-none-eabi/5.4.1/../../../../arm-none-eabi/lib/armv7e-m/libg_nano.a(lib_a-errno.o)
                0x080017b8                __errno
 .text.memset   0x080017c4       0x10 /home/palden/STM32Toolchain/gcc-arm/bin/../lib/gcc/arm-none-eabi/5.4.1/../../../../arm-none-eabi/lib/armv7e-m/libg_nano.a(lib_a-memset.o)
                0x080017c4                memset
 .text._vsnprintf_r
                0x080017d4       0x56 /home/palden/STM32Toolchain/gcc-arm/bin/../lib/gcc/arm-none-eabi/5.4.1/../../../../arm-none-eabi/lib/armv7e-m/libg_nano.a(lib_a-vsnprintf.o)
                0x080017d4                _vsnprintf_r
                0x080017d4                _vsniprintf_r
 *fill*         0x0800182a        0x2 
 .text.vsnprintf
                0x0800182c       0x1c /home/palden/STM32Toolchain/gcc-arm/bin/../lib/gcc/arm-none-eabi/5.4.1/../../../../arm-none-eabi/lib/armv7e-m/libg_nano.a(lib_a-vsnprintf.o)
                0x0800182c                vsnprintf
                0x0800182c                vsniprintf
 .text.__ssputs_r
                0x08001848       0xb2 /home/palden/STM32Toolchain/gcc-arm/bin/../lib/gcc/arm-none-eabi/5.4.1/../../../../arm-none-eabi/lib/armv7e-m/libg_nano.a(lib_a-nano-svfprintf.o)
                0x08001848                __ssputs_r
 *fill*         0x080018fa        0x2 
 .text._svfprintf_r
                0x080018fc      0x1e8 /home/palden/STM32Toolchain/gcc-arm/bin/../lib/gcc/arm-none-eabi/5.4.1/../../../../arm-none-eabi/lib/armv7e-m/libg_nano.a(lib_a-nano-svfprintf.o)
                0x080018fc                _svfprintf_r
                0x080018fc                _svfiprintf_r
 .text._printf_common
                0x08001ae4       0xec /home/palden/STM32Toolchain/gcc-arm/bin/../lib/gcc/arm-none-eabi/5.4.1/../../../../arm-none-eabi/lib/armv7e-m/libg_nano.a(lib_a-nano-vfprintf_i.o)
                0x08001ae4                _printf_common
 .text._printf_i
                0x08001bd0      0x24c /home/palden/STM32Toolchain/gcc-arm/bin/../lib/gcc/arm-none-eabi/5.4.1/../../../../arm-none-eabi/lib/armv7e-m/libg_nano.a(lib_a-nano-vfprintf_i.o)
                0x08001bd0                _printf_i
 *fill*         0x08001e1c        0x4 
 .text          0x08001e20       0xa0 /home/palden/STM32Toolchain/gcc-arm/bin/../lib/gcc/arm-none-eabi/5.4.1/../../../../arm-none-eabi/lib/armv7e-m/libg_nano.a(lib_a-memchr.o)
                0x08001e20                memchr
 .text.memcpy   0x08001ec0       0x16 /home/palden/STM32Toolchain/gcc-arm/bin/../lib/gcc/arm-none-eabi/5.4.1/../../../../arm-none-eabi/lib/armv7e-m/libg_nano.a(lib_a-memcpy-stub.o)
                0x08001ec0                memcpy
 .text.memmove  0x08001ed6       0x36 /home/palden/STM32Toolchain/gcc-arm/bin/../lib/gcc/arm-none-eabi/5.4.1/../../../../arm-none-eabi/lib/armv7e-m/libg_nano.a(lib_a-memmove.o)
                0x08001ed6                memmove
 .text._free_r  0x08001f0c       0x9c /home/palden/STM32Toolchain/gcc-arm/bin/../lib/gcc/arm-none-eabi/5.4.1/../../../../arm-none-eabi/lib/armv7e-m/libg_nano.a(lib_a-nano-freer.o)
                0x08001f0c                _free_r
 .text._malloc_r
                0x08001fa8       0xbc /home/palden/STM32Toolchain/gcc-arm/bin/../lib/gcc/arm-none-eabi/5.4.1/../../../../arm-none-eabi/lib/armv7e-m/libg_nano.a(lib_a-nano-mallocr.o)
                0x08001fa8                _malloc_r
 .text._realloc_r
                0x08002064       0x4c /home/palden/STM32Toolchain/gcc-arm/bin/../lib/gcc/arm-none-eabi/5.4.1/../../../../arm-none-eabi/lib/armv7e-m/libg_nano.a(lib_a-nano-reallocr.o)
                0x08002064                _realloc_r
 .text._sbrk_r  0x080020b0       0x20 /home/palden/STM32Toolchain/gcc-arm/bin/../lib/gcc/arm-none-eabi/5.4.1/../../../../arm-none-eabi/lib/armv7e-m/libg_nano.a(lib_a-sbrkr.o)
                0x080020b0                _sbrk_r
 .text.__malloc_lock
                0x080020d0        0x2 /home/palden/STM32Toolchain/gcc-arm/bin/../lib/gcc/arm-none-eabi/5.4.1/../../../../arm-none-eabi/lib/armv7e-m/libg_nano.a(lib_a-mlock.o)
                0x080020d0                __malloc_lock
 .text.__malloc_unlock
                0x080020d2        0x2 /home/palden/STM32Toolchain/gcc-arm/bin/../lib/gcc/arm-none-eabi/5.4.1/../../../../arm-none-eabi/lib/armv7e-m/libg_nano.a(lib_a-mlock.o)
                0x080020d2                __malloc_unlock
 .text._malloc_usable_size_r
                0x080020d4       0x14 /home/palden/STM32Toolchain/gcc-arm/bin/../lib/gcc/arm-none-eabi/5.4.1/../../../../arm-none-eabi/lib/armv7e-m/libg_nano.a(lib_a-nano-msizer.o)
                0x080020d4                _malloc_usable_size_r
 *(.rodata .rodata.* .constdata .constdata.*)
 .rodata.str1.4
                0x080020e8      0x146 ./system/src/cortexm/exception_handlers.o
 *fill*         0x0800222e        0x2 
 .rodata.str1.4
                0x08002230       0x3e ./system/src/STM32-F3xx-stdperipheral/stm32f3xx_hal_cortex.o
 *fill*         0x0800226e        0x2 
 .rodata.str1.4
                0x08002270       0x3c ./system/src/STM32-F3xx-stdperipheral/stm32f3xx_hal_gpio.o
 .rodata.str1.4
                0x080022ac       0x3c ./system/src/STM32-F3xx-stdperipheral/stm32f3xx_hal_rcc.o
                                 0x3b (size before relaxing)
 .rodata.aPredivFactorTable
                0x080022e8       0x10 ./system/src/STM32-F3xx-stdperipheral/stm32f3xx_hal_rcc.o
                0x080022e8                aPredivFactorTable
 .rodata.aPLLMULFactorTable
                0x080022f8       0x10 ./system/src/STM32-F3xx-stdperipheral/stm32f3xx_hal_rcc.o
                0x080022f8                aPLLMULFactorTable
 .rodata.AHBPrescTable
                0x08002308       0x10 ./src/system_stm32f3xx.o
                0x08002308                AHBPrescTable
 .rodata.str1.1
                0x08002318       0x11 /home/palden/STM32Toolchain/gcc-arm/bin/../lib/gcc/arm-none-eabi/5.4.1/../../../../arm-none-eabi/lib/armv7e-m/libg_nano.a(lib_a-nano-svfprintf.o)
 .rodata.str1.1
                0x08002329       0x22 /home/palden/STM32Toolchain/gcc-arm/bin/../lib/gcc/arm-none-eabi/5.4.1/../../../../arm-none-eabi/lib/armv7e-m/libg_nano.a(lib_a-nano-vfprintf_i.o)
 *(vtable)
 *(.eh_frame*)
 *(.glue_7)
 .glue_7        0x0800234b        0x0 linker stubs
 *(.glue_7t)
 .glue_7t       0x0800234b        0x0 linker stubs

.vfp11_veneer   0x0800234c        0x0
 .vfp11_veneer  0x0800234c        0x0 linker stubs

.v4_bx          0x0800234c        0x0
 .v4_bx         0x0800234c        0x0 linker stubs

.iplt           0x0800234c        0x0
 .iplt          0x0800234c        0x0 ./system/src/newlib/_cxx.o

.rel.dyn        0x0800234c        0x0
 .rel.iplt      0x0800234c        0x0 ./system/src/newlib/_cxx.o

.ARM.extab
 *(.ARM.extab* .gnu.linkonce.armextab.*)
                0x0800234c                . = ALIGN (0x4)
                0x0800234c                __exidx_start = .

.ARM.exidx
 *(.ARM.exidx* .gnu.linkonce.armexidx.*)
                0x0800234c                __exidx_end = .
                0x0800234c                . = ALIGN (0x4)
                0x0800234c                _etext = .
                0x0800234c                __etext = .

.data_CCMRAM    0x10000000        0x0 load address 0x0800234c
 FILL mask 0xff
 *(.data.CCMRAM .data.CCMRAM.*)
                0x10000000                . = ALIGN (0x4)
                0x0800234c                _sidata = LOADADDR (.data)

.data           0x20000000       0x80 load address 0x0800234c
 FILL mask 0xff
                0x20000000                _sdata = .
                0x20000000                __data_start__ = .
 *(.data_begin .data_begin.*)
 .data_begin    0x20000000        0x4 ./system/src/newlib/_startup.o
 *(.data .data.*)
 .data.argv.4290
                0x20000004        0x8 ./system/src/newlib/_syscalls.o
 .data.uwTickPrio
                0x2000000c        0x4 ./system/src/STM32-F3xx-stdperipheral/stm32f3xx_hal.o
                0x2000000c                uwTickPrio
 .data.uwTickFreq
                0x20000010        0x1 ./system/src/STM32-F3xx-stdperipheral/stm32f3xx_hal.o
                0x20000010                uwTickFreq
 *fill*         0x20000011        0x3 ff
 .data.SystemCoreClock
                0x20000014        0x4 ./src/system_stm32f3xx.o
                0x20000014                SystemCoreClock
 .data.impure_data
                0x20000018       0x60 /home/palden/STM32Toolchain/gcc-arm/bin/../lib/gcc/arm-none-eabi/5.4.1/../../../../arm-none-eabi/lib/armv7e-m/libg_nano.a(lib_a-impure.o)
 .data._impure_ptr
                0x20000078        0x4 /home/palden/STM32Toolchain/gcc-arm/bin/../lib/gcc/arm-none-eabi/5.4.1/../../../../arm-none-eabi/lib/armv7e-m/libg_nano.a(lib_a-impure.o)
                0x20000078                _impure_ptr
 *(.data_end .data_end.*)
 .data_end      0x2000007c        0x4 ./system/src/newlib/_startup.o
                0x20000080                . = ALIGN (0x4)
                0x20000080                _edata = .
                0x20000080                __data_end__ = .

.igot.plt       0x20000080        0x0 load address 0x080023cc
 .igot.plt      0x20000080        0x0 ./system/src/newlib/_cxx.o

.bss_CCMRAM     0x10000000        0x0
 *(.bss.CCMRAM .bss.CCMRAM.*)

.bss            0x20000080       0xa0
                0x20000080                __bss_start__ = .
                0x20000080                _sbss = .
 *(.bss_begin .bss_begin.*)
 .bss_begin     0x20000080        0x4 ./system/src/newlib/_startup.o
 *(.bss .bss.*)
 .bss.current_heap_end.3974
                0x20000084        0x4 ./system/src/newlib/_sbrk.o
 .bss.name.4289
                0x20000088        0x1 ./system/src/newlib/_syscalls.o
 *fill*         0x20000089        0x3 
 .bss.buf.5179  0x2000008c       0x80 ./system/src/diag/Trace.o
 .bss.__malloc_sbrk_start
                0x2000010c        0x4 /home/palden/STM32Toolchain/gcc-arm/bin/../lib/gcc/arm-none-eabi/5.4.1/../../../../arm-none-eabi/lib/armv7e-m/libg_nano.a(lib_a-nano-mallocr.o)
                0x2000010c                __malloc_sbrk_start
 .bss.__malloc_free_list
                0x20000110        0x4 /home/palden/STM32Toolchain/gcc-arm/bin/../lib/gcc/arm-none-eabi/5.4.1/../../../../arm-none-eabi/lib/armv7e-m/libg_nano.a(lib_a-nano-mallocr.o)
                0x20000110                __malloc_free_list
 *(COMMON)
 COMMON         0x20000114        0x4 ./system/src/newlib/_syscalls.o
                0x20000114                errno
 COMMON         0x20000118        0x4 ./system/src/STM32-F3xx-stdperipheral/stm32f3xx_hal.o
                0x20000118                uwTick
 *(.bss_end .bss_end.*)
 .bss_end       0x2000011c        0x4 ./system/src/newlib/_startup.o
                0x20000120                . = ALIGN (0x4)
                0x20000120                __bss_end__ = .
                0x20000120                _ebss = .

.noinit_CCMRAM
 *(.noinit.CCMRAM .noinit.CCMRAM.*)

.noinit         0x20000120        0x0
                0x20000120                _noinit = .
 *(.noinit .noinit.*)
                0x20000120                . = ALIGN (0x4)
                0x20000120                _end_noinit = .
                [!provide]                PROVIDE (end, _end_noinit)
                [!provide]                PROVIDE (_end, _end_noinit)
                [!provide]                PROVIDE (__end, _end_noinit)
                [!provide]                PROVIDE (__end__, _end_noinit)

._check_stack   0x20000120      0x100
                0x20000220                . = (. + _Minimum_Stack_Size)
 *fill*         0x20000120      0x100 

.b1text
 *(.b1text)
 *(.b1rodata)
 *(.b1rodata.*)

.eb0text
 *(.eb0text)
 *(.eb0rodata)
 *(.eb0rodata.*)

.eb1text
 *(.eb1text)
 *(.eb1rodata)
 *(.eb1rodata.*)

.eb2text
 *(.eb2text)
 *(.eb2rodata)
 *(.eb2rodata.*)

.eb3text
 *(.eb3text)
 *(.eb3rodata)
 *(.eb3rodata.*)

.stab
 *(.stab)

.stabstr
 *(.stabstr)

.stab.excl
 *(.stab.excl)

.stab.exclstr
 *(.stab.exclstr)

.stab.index
 *(.stab.index)

.stab.indexstr
 *(.stab.indexstr)

.comment        0x00000000       0x6e
 *(.comment)
 .comment       0x00000000       0x6e ./system/src/newlib/_exit.o
                                 0x6f (size before relaxing)
 .comment       0x0000006e       0x6f ./system/src/newlib/_sbrk.o
 .comment       0x0000006e       0x6f ./system/src/newlib/_startup.o
 .comment       0x0000006e       0x6f ./system/src/newlib/_syscalls.o
 .comment       0x0000006e       0x6f ./system/src/diag/Trace.o
 .comment       0x0000006e       0x6f ./system/src/diag/trace_impl.o
 .comment       0x0000006e       0x6f ./system/src/cortexm/_initialize_hardware.o
 .comment       0x0000006e       0x6f ./system/src/cortexm/exception_handlers.o
 .comment       0x0000006e       0x6f ./system/src/STM32-F3xx-stdperipheral/stm32f3xx_hal.o
 .comment       0x0000006e       0x6f ./system/src/STM32-F3xx-stdperipheral/stm32f3xx_hal_cortex.o
 .comment       0x0000006e       0x6f ./system/src/STM32-F3xx-stdperipheral/stm32f3xx_hal_gpio.o
 .comment       0x0000006e       0x6f ./system/src/STM32-F3xx-stdperipheral/stm32f3xx_hal_rcc.o
 .comment       0x0000006e       0x6f ./src/ledblink.o
 .comment       0x0000006e       0x6f ./src/main.o
 .comment       0x0000006e       0x6f ./src/stm32f3xx_hal_msp.o
 .comment       0x0000006e       0x6f ./src/stm32f3xx_it.o
 .comment       0x0000006e       0x6f ./src/system_stm32f3xx.o

.ARM.attributes
                0x00000000       0x31
 .ARM.attributes
                0x00000000       0x33 ./system/src/newlib/_exit.o
 .ARM.attributes
                0x00000033       0x33 ./system/src/newlib/_sbrk.o
 .ARM.attributes
                0x00000066       0x33 ./system/src/newlib/_startup.o
 .ARM.attributes
                0x00000099       0x33 ./system/src/newlib/_syscalls.o
 .ARM.attributes
                0x000000cc       0x33 ./system/src/diag/Trace.o
 .ARM.attributes
                0x000000ff       0x33 ./system/src/diag/trace_impl.o
 .ARM.attributes
                0x00000132       0x33 ./system/src/cortexm/_initialize_hardware.o
 .ARM.attributes
                0x00000165       0x33 ./system/src/cortexm/exception_handlers.o
 .ARM.attributes
                0x00000198       0x21 ./system/src/cmsis/startup_stm32f303xe.o
 .ARM.attributes
                0x000001b9       0x33 ./system/src/STM32-F3xx-stdperipheral/stm32f3xx_hal.o
 .ARM.attributes
                0x000001ec       0x33 ./system/src/STM32-F3xx-stdperipheral/stm32f3xx_hal_cortex.o
 .ARM.attributes
                0x0000021f       0x33 ./system/src/STM32-F3xx-stdperipheral/stm32f3xx_hal_gpio.o
 .ARM.attributes
                0x00000252       0x33 ./system/src/STM32-F3xx-stdperipheral/stm32f3xx_hal_rcc.o
 .ARM.attributes
                0x00000285       0x33 ./src/ledblink.o
 .ARM.attributes
                0x000002b8       0x33 ./src/main.o
 .ARM.attributes
                0x000002eb       0x33 ./src/stm32f3xx_hal_msp.o
 .ARM.attributes
                0x0000031e       0x33 ./src/stm32f3xx_it.o
 .ARM.attributes
                0x00000351       0x33 ./src/system_stm32f3xx.o
 .ARM.attributes
                0x00000384       0x2e /home/palden/STM32Toolchain/gcc-arm/bin/../lib/gcc/arm-none-eabi/5.4.1/../../../../arm-none-eabi/lib/armv7e-m/libg_nano.a(lib_a-errno.o)
 .ARM.attributes
                0x000003b2       0x2e /home/palden/STM32Toolchain/gcc-arm/bin/../lib/gcc/arm-none-eabi/5.4.1/../../../../arm-none-eabi/lib/armv7e-m/libg_nano.a(lib_a-impure.o)
 .ARM.attributes
                0x000003e0       0x2e /home/palden/STM32Toolchain/gcc-arm/bin/../lib/gcc/arm-none-eabi/5.4.1/../../../../arm-none-eabi/lib/armv7e-m/libg_nano.a(lib_a-memset.o)
 .ARM.attributes
                0x0000040e       0x2e /home/palden/STM32Toolchain/gcc-arm/bin/../lib/gcc/arm-none-eabi/5.4.1/../../../../arm-none-eabi/lib/armv7e-m/libg_nano.a(lib_a-vsnprintf.o)
 .ARM.attributes
                0x0000043c       0x2e /home/palden/STM32Toolchain/gcc-arm/bin/../lib/gcc/arm-none-eabi/5.4.1/../../../../arm-none-eabi/lib/armv7e-m/libg_nano.a(lib_a-nano-svfprintf.o)
 .ARM.attributes
                0x0000046a       0x2e /home/palden/STM32Toolchain/gcc-arm/bin/../lib/gcc/arm-none-eabi/5.4.1/../../../../arm-none-eabi/lib/armv7e-m/libg_nano.a(lib_a-nano-vfprintf_i.o)
 .ARM.attributes
                0x00000498       0x1c /home/palden/STM32Toolchain/gcc-arm/bin/../lib/gcc/arm-none-eabi/5.4.1/../../../../arm-none-eabi/lib/armv7e-m/libg_nano.a(lib_a-memchr.o)
 .ARM.attributes
                0x000004b4       0x2e /home/palden/STM32Toolchain/gcc-arm/bin/../lib/gcc/arm-none-eabi/5.4.1/../../../../arm-none-eabi/lib/armv7e-m/libg_nano.a(lib_a-memcpy-stub.o)
 .ARM.attributes
                0x000004e2       0x2e /home/palden/STM32Toolchain/gcc-arm/bin/../lib/gcc/arm-none-eabi/5.4.1/../../../../arm-none-eabi/lib/armv7e-m/libg_nano.a(lib_a-memmove.o)
 .ARM.attributes
                0x00000510       0x2e /home/palden/STM32Toolchain/gcc-arm/bin/../lib/gcc/arm-none-eabi/5.4.1/../../../../arm-none-eabi/lib/armv7e-m/libg_nano.a(lib_a-nano-freer.o)
 .ARM.attributes
                0x0000053e       0x2e /home/palden/STM32Toolchain/gcc-arm/bin/../lib/gcc/arm-none-eabi/5.4.1/../../../../arm-none-eabi/lib/armv7e-m/libg_nano.a(lib_a-nano-mallocr.o)
 .ARM.attributes
                0x0000056c       0x2e /home/palden/STM32Toolchain/gcc-arm/bin/../lib/gcc/arm-none-eabi/5.4.1/../../../../arm-none-eabi/lib/armv7e-m/libg_nano.a(lib_a-nano-reallocr.o)
 .ARM.attributes
                0x0000059a       0x2e /home/palden/STM32Toolchain/gcc-arm/bin/../lib/gcc/arm-none-eabi/5.4.1/../../../../arm-none-eabi/lib/armv7e-m/libg_nano.a(lib_a-sbrkr.o)
 .ARM.attributes
                0x000005c8       0x2e /home/palden/STM32Toolchain/gcc-arm/bin/../lib/gcc/arm-none-eabi/5.4.1/../../../../arm-none-eabi/lib/armv7e-m/libg_nano.a(lib_a-mlock.o)
 .ARM.attributes
                0x000005f6       0x2e /home/palden/STM32Toolchain/gcc-arm/bin/../lib/gcc/arm-none-eabi/5.4.1/../../../../arm-none-eabi/lib/armv7e-m/libg_nano.a(lib_a-nano-msizer.o)

.debug
 *(.debug)

.line
 *(.line)

.debug_srcinfo
 *(.debug_srcinfo)

.debug_sfnames
 *(.debug_sfnames)

.debug_aranges  0x00000000      0x570
 *(.debug_aranges)
 .debug_aranges
                0x00000000       0x28 ./system/src/newlib/_exit.o
 .debug_aranges
                0x00000028       0x20 ./system/src/newlib/_sbrk.o
 .debug_aranges
                0x00000048       0x40 ./system/src/newlib/_startup.o
 .debug_aranges
                0x00000088       0x30 ./system/src/newlib/_syscalls.o
 .debug_aranges
                0x000000b8       0x38 ./system/src/diag/Trace.o
 .debug_aranges
                0x000000f0       0x30 ./system/src/diag/trace_impl.o
 .debug_aranges
                0x00000120       0x28 ./system/src/cortexm/_initialize_hardware.o
 .debug_aranges
                0x00000148       0x90 ./system/src/cortexm/exception_handlers.o
 .debug_aranges
                0x000001d8       0x28 ./system/src/cmsis/startup_stm32f303xe.o
 .debug_aranges
                0x00000200       0xe0 ./system/src/STM32-F3xx-stdperipheral/stm32f3xx_hal.o
 .debug_aranges
                0x000002e0       0xa8 ./system/src/STM32-F3xx-stdperipheral/stm32f3xx_hal_cortex.o
 .debug_aranges
                0x00000388       0x58 ./system/src/STM32-F3xx-stdperipheral/stm32f3xx_hal_gpio.o
 .debug_aranges
                0x000003e0       0x88 ./system/src/STM32-F3xx-stdperipheral/stm32f3xx_hal_rcc.o
 .debug_aranges
                0x00000468       0x20 ./src/ledblink.o
 .debug_aranges
                0x00000488       0x40 ./src/main.o
 .debug_aranges
                0x000004c8       0x20 ./src/stm32f3xx_hal_msp.o
 .debug_aranges
                0x000004e8       0x60 ./src/stm32f3xx_it.o
 .debug_aranges
                0x00000548       0x28 ./src/system_stm32f3xx.o

.debug_pubnames
 *(.debug_pubnames)

.debug_info     0x00000000     0x62a7
 *(.debug_info .gnu.linkonce.wi.*)
 .debug_info    0x00000000       0xef ./system/src/newlib/_exit.o
 .debug_info    0x000000ef      0x11f ./system/src/newlib/_sbrk.o
 .debug_info    0x0000020e      0x4f2 ./system/src/newlib/_startup.o
 .debug_info    0x00000700      0x1c7 ./system/src/newlib/_syscalls.o
 .debug_info    0x000008c7      0x2e7 ./system/src/diag/Trace.o
 .debug_info    0x00000bae      0x30b ./system/src/diag/trace_impl.o
 .debug_info    0x00000eb9      0x2b1 ./system/src/cortexm/_initialize_hardware.o
 .debug_info    0x0000116a      0x8f4 ./system/src/cortexm/exception_handlers.o
 .debug_info    0x00001a5e       0x82 ./system/src/cmsis/startup_stm32f303xe.o
 .debug_info    0x00001ae0      0x85a ./system/src/STM32-F3xx-stdperipheral/stm32f3xx_hal.o
 .debug_info    0x0000233a     0x1096 ./system/src/STM32-F3xx-stdperipheral/stm32f3xx_hal_cortex.o
 .debug_info    0x000033d0      0x8d5 ./system/src/STM32-F3xx-stdperipheral/stm32f3xx_hal_gpio.o
 .debug_info    0x00003ca5     0x1694 ./system/src/STM32-F3xx-stdperipheral/stm32f3xx_hal_rcc.o
 .debug_info    0x00005339      0x245 ./src/ledblink.o
 .debug_info    0x0000557e      0x628 ./src/main.o
 .debug_info    0x00005ba6      0x1d8 ./src/stm32f3xx_hal_msp.o
 .debug_info    0x00005d7e      0x154 ./src/stm32f3xx_it.o
 .debug_info    0x00005ed2      0x3d5 ./src/system_stm32f3xx.o

.debug_abbrev   0x00000000     0x1947
 *(.debug_abbrev)
 .debug_abbrev  0x00000000       0x8e ./system/src/newlib/_exit.o
 .debug_abbrev  0x0000008e       0xb9 ./system/src/newlib/_sbrk.o
 .debug_abbrev  0x00000147      0x1b6 ./system/src/newlib/_startup.o
 .debug_abbrev  0x000002fd       0xec ./system/src/newlib/_syscalls.o
 .debug_abbrev  0x000003e9      0x156 ./system/src/diag/Trace.o
 .debug_abbrev  0x0000053f      0x1c8 ./system/src/diag/trace_impl.o
 .debug_abbrev  0x00000707       0xea ./system/src/cortexm/_initialize_hardware.o
 .debug_abbrev  0x000007f1      0x247 ./system/src/cortexm/exception_handlers.o
 .debug_abbrev  0x00000a38       0x12 ./system/src/cmsis/startup_stm32f303xe.o
 .debug_abbrev  0x00000a4a      0x1dd ./system/src/STM32-F3xx-stdperipheral/stm32f3xx_hal.o
 .debug_abbrev  0x00000c27      0x2f9 ./system/src/STM32-F3xx-stdperipheral/stm32f3xx_hal_cortex.o
 .debug_abbrev  0x00000f20      0x204 ./system/src/STM32-F3xx-stdperipheral/stm32f3xx_hal_gpio.o
 .debug_abbrev  0x00001124      0x294 ./system/src/STM32-F3xx-stdperipheral/stm32f3xx_hal_rcc.o
 .debug_abbrev  0x000013b8      0x112 ./src/ledblink.o
 .debug_abbrev  0x000014ca      0x1d8 ./src/main.o
 .debug_abbrev  0x000016a2       0xe6 ./src/stm32f3xx_hal_msp.o
 .debug_abbrev  0x00001788       0xbb ./src/stm32f3xx_it.o
 .debug_abbrev  0x00001843      0x104 ./src/system_stm32f3xx.o

.debug_line     0x00000000     0x5226
 *(.debug_line)
 .debug_line    0x00000000      0x2e9 ./system/src/newlib/_exit.o
 .debug_line    0x000002e9      0x29a ./system/src/newlib/_sbrk.o
 .debug_line    0x00000583      0x362 ./system/src/newlib/_startup.o
 .debug_line    0x000008e5      0x3a0 ./system/src/newlib/_syscalls.o
 .debug_line    0x00000c85      0x357 ./system/src/diag/Trace.o
 .debug_line    0x00000fdc      0x3e6 ./system/src/diag/trace_impl.o
 .debug_line    0x000013c2      0x175 ./system/src/cortexm/_initialize_hardware.o
 .debug_line    0x00001537      0x48f ./system/src/cortexm/exception_handlers.o
 .debug_line    0x000019c6       0x88 ./system/src/cmsis/startup_stm32f303xe.o
 .debug_line    0x00001a4e      0x701 ./system/src/STM32-F3xx-stdperipheral/stm32f3xx_hal.o
 .debug_line    0x0000214f      0x798 ./system/src/STM32-F3xx-stdperipheral/stm32f3xx_hal_cortex.o
 .debug_line    0x000028e7      0x7cf ./system/src/STM32-F3xx-stdperipheral/stm32f3xx_hal_gpio.o
 .debug_line    0x000030b6      0xbc4 ./system/src/STM32-F3xx-stdperipheral/stm32f3xx_hal_rcc.o
 .debug_line    0x00003c7a      0x3da ./src/ledblink.o
 .debug_line    0x00004054      0x58f ./src/main.o
 .debug_line    0x000045e3      0x520 ./src/stm32f3xx_hal_msp.o
 .debug_line    0x00004b03      0x5ab ./src/stm32f3xx_it.o
 .debug_line    0x000050ae      0x178 ./src/system_stm32f3xx.o

.debug_frame    0x00000000      0xe14
 *(.debug_frame)
 .debug_frame   0x00000000       0x38 ./system/src/newlib/_exit.o
 .debug_frame   0x00000038       0x28 ./system/src/newlib/_sbrk.o
 .debug_frame   0x00000060       0x7c ./system/src/newlib/_startup.o
 .debug_frame   0x000000dc       0x50 ./system/src/newlib/_syscalls.o
 .debug_frame   0x0000012c       0x94 ./system/src/diag/Trace.o
 .debug_frame   0x000001c0       0x60 ./system/src/diag/trace_impl.o
 .debug_frame   0x00000220       0x40 ./system/src/cortexm/_initialize_hardware.o
 .debug_frame   0x00000260      0x158 ./system/src/cortexm/exception_handlers.o
 .debug_frame   0x000003b8      0x1cc ./system/src/STM32-F3xx-stdperipheral/stm32f3xx_hal.o
 .debug_frame   0x00000584      0x17c ./system/src/STM32-F3xx-stdperipheral/stm32f3xx_hal_cortex.o
 .debug_frame   0x00000700       0xf8 ./system/src/STM32-F3xx-stdperipheral/stm32f3xx_hal_gpio.o
 .debug_frame   0x000007f8      0x184 ./system/src/STM32-F3xx-stdperipheral/stm32f3xx_hal_rcc.o
 .debug_frame   0x0000097c       0x28 ./src/ledblink.o
 .debug_frame   0x000009a4       0x88 ./src/main.o
 .debug_frame   0x00000a2c       0x2c ./src/stm32f3xx_hal_msp.o
 .debug_frame   0x00000a58       0xa8 ./src/stm32f3xx_it.o
 .debug_frame   0x00000b00       0x30 ./src/system_stm32f3xx.o
 .debug_frame   0x00000b30       0x20 /home/palden/STM32Toolchain/gcc-arm/bin/../lib/gcc/arm-none-eabi/5.4.1/../../../../arm-none-eabi/lib/armv7e-m/libg_nano.a(lib_a-errno.o)
 .debug_frame   0x00000b50       0x20 /home/palden/STM32Toolchain/gcc-arm/bin/../lib/gcc/arm-none-eabi/5.4.1/../../../../arm-none-eabi/lib/armv7e-m/libg_nano.a(lib_a-memset.o)
 .debug_frame   0x00000b70       0x48 /home/palden/STM32Toolchain/gcc-arm/bin/../lib/gcc/arm-none-eabi/5.4.1/../../../../arm-none-eabi/lib/armv7e-m/libg_nano.a(lib_a-vsnprintf.o)
 .debug_frame   0x00000bb8       0x90 /home/palden/STM32Toolchain/gcc-arm/bin/../lib/gcc/arm-none-eabi/5.4.1/../../../../arm-none-eabi/lib/armv7e-m/libg_nano.a(lib_a-nano-svfprintf.o)
 .debug_frame   0x00000c48       0x60 /home/palden/STM32Toolchain/gcc-arm/bin/../lib/gcc/arm-none-eabi/5.4.1/../../../../arm-none-eabi/lib/armv7e-m/libg_nano.a(lib_a-nano-vfprintf_i.o)
 .debug_frame   0x00000ca8       0x28 /home/palden/STM32Toolchain/gcc-arm/bin/../lib/gcc/arm-none-eabi/5.4.1/../../../../arm-none-eabi/lib/armv7e-m/libg_nano.a(lib_a-memcpy-stub.o)
 .debug_frame   0x00000cd0       0x28 /home/palden/STM32Toolchain/gcc-arm/bin/../lib/gcc/arm-none-eabi/5.4.1/../../../../arm-none-eabi/lib/armv7e-m/libg_nano.a(lib_a-memmove.o)
 .debug_frame   0x00000cf8       0x38 /home/palden/STM32Toolchain/gcc-arm/bin/../lib/gcc/arm-none-eabi/5.4.1/../../../../arm-none-eabi/lib/armv7e-m/libg_nano.a(lib_a-nano-freer.o)
 .debug_frame   0x00000d30       0x2c /home/palden/STM32Toolchain/gcc-arm/bin/../lib/gcc/arm-none-eabi/5.4.1/../../../../arm-none-eabi/lib/armv7e-m/libg_nano.a(lib_a-nano-mallocr.o)
 .debug_frame   0x00000d5c       0x3c /home/palden/STM32Toolchain/gcc-arm/bin/../lib/gcc/arm-none-eabi/5.4.1/../../../../arm-none-eabi/lib/armv7e-m/libg_nano.a(lib_a-nano-reallocr.o)
 .debug_frame   0x00000d98       0x2c /home/palden/STM32Toolchain/gcc-arm/bin/../lib/gcc/arm-none-eabi/5.4.1/../../../../arm-none-eabi/lib/armv7e-m/libg_nano.a(lib_a-sbrkr.o)
 .debug_frame   0x00000dc4       0x30 /home/palden/STM32Toolchain/gcc-arm/bin/../lib/gcc/arm-none-eabi/5.4.1/../../../../arm-none-eabi/lib/armv7e-m/libg_nano.a(lib_a-mlock.o)
 .debug_frame   0x00000df4       0x20 /home/palden/STM32Toolchain/gcc-arm/bin/../lib/gcc/arm-none-eabi/5.4.1/../../../../arm-none-eabi/lib/armv7e-m/libg_nano.a(lib_a-nano-msizer.o)

.debug_str      0x00000000    0x9f53c
 *(.debug_str)
 .debug_str     0x00000000     0x6d5c ./system/src/newlib/_exit.o
                               0x6ece (size before relaxing)
 .debug_str     0x00006d5c      0x4de ./system/src/newlib/_sbrk.o
                               0x62b9 (size before relaxing)
 .debug_str     0x0000723a      0xc2c ./system/src/newlib/_startup.o
                               0x5ed2 (size before relaxing)
 .debug_str     0x00007e66      0xe18 ./system/src/newlib/_syscalls.o
                               0x7119 (size before relaxing)
 .debug_str     0x00008c7e      0x890 ./system/src/diag/Trace.o
                               0x76be (size before relaxing)
 .debug_str     0x0000950e    0x7c161 ./system/src/diag/trace_impl.o
                              0x82d38 (size before relaxing)
 .debug_str     0x0008566f       0xc4 ./system/src/cortexm/_initialize_hardware.o
                              0x7eef2 (size before relaxing)
 .debug_str     0x00085733      0x19d ./system/src/cortexm/exception_handlers.o
                              0x83afa (size before relaxing)
 .debug_str     0x000858d0    0x18f88 ./system/src/STM32-F3xx-stdperipheral/stm32f3xx_hal.o
                              0x9be36 (size before relaxing)
 .debug_str     0x0009e858      0x39f ./system/src/STM32-F3xx-stdperipheral/stm32f3xx_hal_cortex.o
                              0x9be76 (size before relaxing)
 .debug_str     0x0009ebf7      0x30b ./system/src/STM32-F3xx-stdperipheral/stm32f3xx_hal_gpio.o
                              0x9b847 (size before relaxing)
 .debug_str     0x0009ef02      0x424 ./system/src/STM32-F3xx-stdperipheral/stm32f3xx_hal_rcc.o
                              0x9b9fd (size before relaxing)
 .debug_str     0x0009f326       0x4b ./src/ledblink.o
                              0x848c0 (size before relaxing)
 .debug_str     0x0009f371      0x13b ./src/main.o
                              0x9b805 (size before relaxing)
 .debug_str     0x0009f4ac       0x1b ./src/stm32f3xx_hal_msp.o
                              0x9b5c6 (size before relaxing)
 .debug_str     0x0009f4c7       0x28 ./src/stm32f3xx_it.o
                              0x9b5e3 (size before relaxing)
 .debug_str     0x0009f4ef       0x4d ./src/system_stm32f3xx.o
                              0x7f239 (size before relaxing)

.debug_loc      0x00000000     0x1fd3
 *(.debug_loc)
 .debug_loc     0x00000000       0x82 ./system/src/newlib/_sbrk.o
 .debug_loc     0x00000082      0x36e ./system/src/newlib/_startup.o
 .debug_loc     0x000003f0       0x63 ./system/src/newlib/_syscalls.o
 .debug_loc     0x00000453      0x102 ./system/src/diag/Trace.o
 .debug_loc     0x00000555      0x17c ./system/src/diag/trace_impl.o
 .debug_loc     0x000006d1      0x2a8 ./system/src/cortexm/exception_handlers.o
 .debug_loc     0x00000979       0xe0 ./system/src/STM32-F3xx-stdperipheral/stm32f3xx_hal.o
 .debug_loc     0x00000a59      0x5d9 ./system/src/STM32-F3xx-stdperipheral/stm32f3xx_hal_cortex.o
 .debug_loc     0x00001032      0x459 ./system/src/STM32-F3xx-stdperipheral/stm32f3xx_hal_gpio.o
 .debug_loc     0x0000148b      0xa2c ./system/src/STM32-F3xx-stdperipheral/stm32f3xx_hal_rcc.o
 .debug_loc     0x00001eb7       0x1e ./src/ledblink.o
 .debug_loc     0x00001ed5       0xfe ./src/system_stm32f3xx.o

.debug_macinfo
 *(.debug_macinfo)

.debug_weaknames
 *(.debug_weaknames)

.debug_funcnames
 *(.debug_funcnames)

.debug_typenames
 *(.debug_typenames)

.debug_varnames
 *(.debug_varnames)
OUTPUT(ledblink.elf elf32-littlearm)

.debug_ranges   0x00000000      0x4a0
 .debug_ranges  0x00000000       0x18 ./system/src/newlib/_exit.o
 .debug_ranges  0x00000018       0x10 ./system/src/newlib/_sbrk.o
 .debug_ranges  0x00000028       0x30 ./system/src/newlib/_startup.o
 .debug_ranges  0x00000058       0x20 ./system/src/newlib/_syscalls.o
 .debug_ranges  0x00000078       0x28 ./system/src/diag/Trace.o
 .debug_ranges  0x000000a0       0x38 ./system/src/diag/trace_impl.o
 .debug_ranges  0x000000d8       0x18 ./system/src/cortexm/_initialize_hardware.o
 .debug_ranges  0x000000f0       0x98 ./system/src/cortexm/exception_handlers.o
 .debug_ranges  0x00000188       0x20 ./system/src/cmsis/startup_stm32f303xe.o
 .debug_ranges  0x000001a8       0xd0 ./system/src/STM32-F3xx-stdperipheral/stm32f3xx_hal.o
 .debug_ranges  0x00000278       0x98 ./system/src/STM32-F3xx-stdperipheral/stm32f3xx_hal_cortex.o
 .debug_ranges  0x00000310       0x48 ./system/src/STM32-F3xx-stdperipheral/stm32f3xx_hal_gpio.o
 .debug_ranges  0x00000358       0x90 ./system/src/STM32-F3xx-stdperipheral/stm32f3xx_hal_rcc.o
 .debug_ranges  0x000003e8       0x10 ./src/ledblink.o
 .debug_ranges  0x000003f8       0x30 ./src/main.o
 .debug_ranges  0x00000428       0x10 ./src/stm32f3xx_hal_msp.o
 .debug_ranges  0x00000438       0x50 ./src/stm32f3xx_it.o
 .debug_ranges  0x00000488       0x18 ./src/system_stm32f3xx.o

.debug_macro    0x00000000    0x1d510
 .debug_macro   0x00000000      0x19c ./system/src/newlib/_exit.o
 .debug_macro   0x0000019c      0x898 ./system/src/newlib/_exit.o
 .debug_macro   0x00000a34       0x9c ./system/src/newlib/_exit.o
 .debug_macro   0x00000ad0      0x10e ./system/src/newlib/_exit.o
 .debug_macro   0x00000bde       0x8d ./system/src/newlib/_exit.o
 .debug_macro   0x00000c6b       0x43 ./system/src/newlib/_exit.o
 .debug_macro   0x00000cae      0x30d ./system/src/newlib/_exit.o
 .debug_macro   0x00000fbb       0x35 ./system/src/newlib/_exit.o
 .debug_macro   0x00000ff0      0x151 ./system/src/newlib/_sbrk.o
 .debug_macro   0x00001141      0x174 ./system/src/newlib/_sbrk.o
 .debug_macro   0x000012b5       0x10 ./system/src/newlib/_sbrk.o
 .debug_macro   0x000012c5      0x23b ./system/src/newlib/_sbrk.o
 .debug_macro   0x00001500      0x15b ./system/src/newlib/_startup.o
 .debug_macro   0x0000165b      0x89e ./system/src/newlib/_startup.o
 .debug_macro   0x00001ef9      0x34e ./system/src/newlib/_startup.o
 .debug_macro   0x00002247      0x1ff ./system/src/newlib/_syscalls.o
 .debug_macro   0x00002446       0x1c ./system/src/newlib/_syscalls.o
 .debug_macro   0x00002462       0x10 ./system/src/newlib/_syscalls.o
 .debug_macro   0x00002472       0x10 ./system/src/newlib/_syscalls.o
 .debug_macro   0x00002482       0x10 ./system/src/newlib/_syscalls.o
 .debug_macro   0x00002492       0x35 ./system/src/newlib/_syscalls.o
 .debug_macro   0x000024c7      0x122 ./system/src/newlib/_syscalls.o
 .debug_macro   0x000025e9       0x88 ./system/src/newlib/_syscalls.o
 .debug_macro   0x00002671       0x2b ./system/src/newlib/_syscalls.o
 .debug_macro   0x0000269c      0x118 ./system/src/newlib/_syscalls.o
 .debug_macro   0x000027b4      0x159 ./system/src/newlib/_syscalls.o
 .debug_macro   0x0000290d       0x16 ./system/src/newlib/_syscalls.o
 .debug_macro   0x00002923      0x1d9 ./system/src/diag/Trace.o
 .debug_macro   0x00002afc       0x16 ./system/src/diag/Trace.o
 .debug_macro   0x00002b12       0x97 ./system/src/diag/Trace.o
 .debug_macro   0x00002ba9       0xfd ./system/src/diag/Trace.o
 .debug_macro   0x00002ca6       0x10 ./system/src/diag/Trace.o
 .debug_macro   0x00002cb6       0x16 ./system/src/diag/Trace.o
 .debug_macro   0x00002ccc      0x18b ./system/src/diag/Trace.o
 .debug_macro   0x00002e57       0x4c ./system/src/diag/Trace.o
 .debug_macro   0x00002ea3       0x16 ./system/src/diag/Trace.o
 .debug_macro   0x00002eb9      0x1dd ./system/src/diag/trace_impl.o
 .debug_macro   0x00003096       0x28 ./system/src/diag/trace_impl.o
 .debug_macro   0x000030be       0x35 ./system/src/diag/trace_impl.o
 .debug_macro   0x000030f3       0x50 ./system/src/diag/trace_impl.o
 .debug_macro   0x00003143      0xe66 ./system/src/diag/trace_impl.o
 .debug_macro   0x00003fa9    0x1536f ./system/src/diag/trace_impl.o
 .debug_macro   0x00019318       0x10 ./system/src/diag/trace_impl.o
 .debug_macro   0x00019328       0xcf ./system/src/diag/trace_impl.o
 .debug_macro   0x000193f7       0xbe ./system/src/diag/trace_impl.o
 .debug_macro   0x000194b5       0x22 ./system/src/diag/trace_impl.o
 .debug_macro   0x000194d7       0x86 ./system/src/cortexm/_initialize_hardware.o
 .debug_macro   0x0001955d      0x21d ./system/src/cortexm/exception_handlers.o
 .debug_macro   0x0001977a       0x3b ./system/src/cortexm/exception_handlers.o
 .debug_macro   0x000197b5       0x10 ./system/src/cortexm/exception_handlers.o
 .debug_macro   0x000197c5      0x2dc ./system/src/STM32-F3xx-stdperipheral/stm32f3xx_hal.o
 .debug_macro   0x00019aa1       0x99 ./system/src/STM32-F3xx-stdperipheral/stm32f3xx_hal.o
 .debug_macro   0x00019b3a       0x2f ./system/src/STM32-F3xx-stdperipheral/stm32f3xx_hal.o
 .debug_macro   0x00019b69       0x43 ./system/src/STM32-F3xx-stdperipheral/stm32f3xx_hal.o
 .debug_macro   0x00019bac       0x50 ./system/src/STM32-F3xx-stdperipheral/stm32f3xx_hal.o
 .debug_macro   0x00019bfc      0x95a ./system/src/STM32-F3xx-stdperipheral/stm32f3xx_hal.o
 .debug_macro   0x0001a556      0x84a ./system/src/STM32-F3xx-stdperipheral/stm32f3xx_hal.o
 .debug_macro   0x0001ada0      0x13a ./system/src/STM32-F3xx-stdperipheral/stm32f3xx_hal.o
 .debug_macro   0x0001aeda      0x23a ./system/src/STM32-F3xx-stdperipheral/stm32f3xx_hal.o
 .debug_macro   0x0001b114      0x1bc ./system/src/STM32-F3xx-stdperipheral/stm32f3xx_hal.o
 .debug_macro   0x0001b2d0       0x31 ./system/src/STM32-F3xx-stdperipheral/stm32f3xx_hal.o
 .debug_macro   0x0001b301       0x3c ./system/src/STM32-F3xx-stdperipheral/stm32f3xx_hal.o
 .debug_macro   0x0001b33d      0x23a ./system/src/STM32-F3xx-stdperipheral/stm32f3xx_hal.o
 .debug_macro   0x0001b577       0xcb ./system/src/STM32-F3xx-stdperipheral/stm32f3xx_hal.o
 .debug_macro   0x0001b642      0x21e ./system/src/STM32-F3xx-stdperipheral/stm32f3xx_hal.o
 .debug_macro   0x0001b860      0x209 ./system/src/STM32-F3xx-stdperipheral/stm32f3xx_hal.o
 .debug_macro   0x0001ba69       0x5b ./system/src/STM32-F3xx-stdperipheral/stm32f3xx_hal.o
 .debug_macro   0x0001bac4       0x90 ./system/src/STM32-F3xx-stdperipheral/stm32f3xx_hal.o
 .debug_macro   0x0001bb54       0x82 ./system/src/STM32-F3xx-stdperipheral/stm32f3xx_hal.o
 .debug_macro   0x0001bbd6       0xd3 ./system/src/STM32-F3xx-stdperipheral/stm32f3xx_hal.o
 .debug_macro   0x0001bca9      0x349 ./system/src/STM32-F3xx-stdperipheral/stm32f3xx_hal.o
 .debug_macro   0x0001bff2      0x2b8 ./system/src/STM32-F3xx-stdperipheral/stm32f3xx_hal_cortex.o
 .debug_macro   0x0001c2aa      0x2f0 ./system/src/STM32-F3xx-stdperipheral/stm32f3xx_hal_gpio.o
 .debug_macro   0x0001c59a      0x2dc ./system/src/STM32-F3xx-stdperipheral/stm32f3xx_hal_rcc.o
 .debug_macro   0x0001c876      0x228 ./src/ledblink.o
 .debug_macro   0x0001ca9e      0x134 ./src/ledblink.o
 .debug_macro   0x0001cbd2      0x2cf ./src/main.o
 .debug_macro   0x0001cea1       0x40 ./src/main.o
 .debug_macro   0x0001cee1      0x2c7 ./src/stm32f3xx_hal_msp.o
 .debug_macro   0x0001d1a8      0x2d1 ./src/stm32f3xx_it.o
 .debug_macro   0x0001d479       0x97 ./src/system_stm32f3xx.o
